16.8411 	WARNING 	Font Manager failed to load file /System/Library/PrivateFrameworks/FontServices.framework/Resources/Reserved/PingFangUI.ttc
16.8911 	WARNING 	Font Manager failed to load file /System/Library/PrivateFrameworks/FontServices.framework/Resources/Reserved/PingFangUI.ttc
21.5736 	INFO 	Loaded monitor calibration from ['2025_08_11 23:38']
21.7014 	INFO 	Using renderer 'Apple M2' for graphics
21.7014 	INFO 	OpenGL version supported by driver is 2..
21.7277 	EXP 	Created window1 = Window(allowGUI=True, allowStencil=False, autoLog=True, backendConf=UNKNOWN, backgroundFit=<method-wrapper '__getattribute__' of attributeSetter object at 0x1522fe320>, backgroundImage=<method-wrapper '__getattribute__' of attributeSetter object at 0x1522fe680>, bitsMode=UNKNOWN, blendMode='avg', bpc=(8, 8, 8), color=array([0, 0, 0]), colorSpace='rgb', depthBits=8, fullscr=False, gamma=None, gammaErrorPolicy='raise', infoMsg=UNKNOWN, lms=UNKNOWN, monitor=<psychopy.monitors.calibTools.Monitor object at 0x1523e3a90>, multiSample=False, name='window1', numSamples=2, pos=[np.float64(555.0), np.float64(256.0)], screen=0, size=array([1200, 1200]), stencilBits=0, stereo=False, title='PsychoPy', units='height', useFBO=True, useRetina=True, viewOri=0.0, viewPos=None, viewScale=None, waitBlanking=True, winType='pyglet')
21.7277 	EXP 	window1: backgroundImage = ''
21.7277 	EXP 	window1: backgroundFit = 'none'
22.0281 	EXP 	window1: Attempting to measure frame rate of screen (0) ...
22.0281 	EXP 	window1: recordFrameIntervals = False
22.1577 	EXP 	window1: recordFrameIntervals = True
22.9925 	WARNING 	Couldn't measure a consistent frame rate!
  - Is your graphics card set to sync to vertical blank?
  - Are you running other processes on your computer?

24.0710 	INFO 	keyboard.Keyboard is using ptb backend.
24.2871 	INFO 	keyboard.Keyboard is using ptb backend.
24.2872 	EXP 	stroop task practice 2: status = STARTED
24.3134 	EXP 	Created text_2 = TextStim(__class__=<class 'psychopy.visual.text.TextStim'>, alignHoriz=method-wrapper(...), alignText='center', alignVert=method-wrapper(...), anchorHoriz='center', anchorVert='center', antialias=True, autoDraw=False, autoLog=True, bold=False, color=array([1., 1., 1.]), colorSpace='rgb', contrast=1.0, depth=0.0, draggable=False, flipHoriz=False, flipVert=False, font='Arial', fontFiles=[], height=np.float64(0.05), italic=False, languageStyle='LTR', name='text_2', opacity=1, ori=0.0, pos=array([0., 0.]), rgb=UNKNOWN, text='welcome', units='height', win=Window(...), wrapWidth=1)
24.3181 	EXP 	Created fixation = ShapeStim(__class__=<class 'psychopy.visual.shape.ShapeStim'>, anchor=('center', 'center'), autoDraw=False, autoLog=True, closeShape=True, color=method-wrapper(...), colorSpace='rgb', contrast=None, depth=0.0, draggable=False, fillColor=array([1, 1, 1]), fillColorSpace='rgb', fillRGB=array([1, 1, 1]), interpolate=True, lineColor=array([1., 1., 1.]), lineColorSpace='rgb', lineRGB=array([1, 1, 1]), lineWidth=1.0, name='fixation', opacity=1, ori=0.0, pos=array([0., 0.]), size=array([10., 10.]), units='height', vertices=ndarray(...), win=Window(...), windingRule=None)
24.3192 	EXP 	Created text = TextStim(__class__=<class 'psychopy.visual.text.TextStim'>, alignHoriz=method-wrapper(...), alignText='center', alignVert=method-wrapper(...), anchorHoriz='center', anchorVert='center', antialias=True, autoDraw=False, autoLog=True, bold=False, color=array([1., 1., 1.]), colorSpace='rgb', contrast=1.0, depth=-1.0, draggable=False, flipHoriz=False, flipVert=False, font='Arial', fontFiles=[], height=0.05, italic=False, languageStyle='LTR', name='text', opacity=1, ori=0.0, pos=array([0., 0.]), rgb=UNKNOWN, text='', units='height', win=Window(...), wrapWidth=1)
24.3235 	EXP 	Created text_3 = TextStim(__class__=<class 'psychopy.visual.text.TextStim'>, alignHoriz=method-wrapper(...), alignText='center', alignVert=method-wrapper(...), anchorHoriz='center', anchorVert='center', antialias=True, autoDraw=False, autoLog=True, bold=False, color=array([1., 1., 1.]), colorSpace='rgb', contrast=1.0, depth=0.0, draggable=False, flipHoriz=False, flipVert=False, font='Arial', fontFiles=[], height=np.float64(0.05), italic=False, languageStyle='LTR', name='text_3', opacity=1, ori=0.0, pos=array([0., 0.]), rgb=UNKNOWN, text='Thank you', units='height', win=Window(...), wrapWidth=1)
0.0080 	EXP 	text_2: autoDraw = True
1.0126 	EXP 	Imported /Users/charvithakkar/Desktop/conditions stroop task practice.xlsx as conditions, 4 conditions, 4 params
1.0160 	EXP 	New trial (rep=0, index=0): <Trial 0 (0 in rep 0) data={'word': 'BLUE', 'colour': 'red', 'stim_condition': 'I', 'correct_res': 'r', 'thisN': 0, 'thisTrialN': 0, 'thisRepN': 0}>
1.0339 	WARNING 	t of last frame was 36.56ms (=1/27)
1.0339 	EXP 	text_2: autoDraw = False
1.0339 	EXP 	text_2: autoDraw = False
1.0339 	EXP 	text: foreColor = <psychopy.colors.Color: red, alpha=1.0>
1.0339 	EXP 	text: height = np.float64(0.05)
1.0339 	EXP 	text: height = np.float64(0.05)
1.0339 	EXP 	text: height = np.float64(0.05)
1.0339 	EXP 	text: text = 'BLUE'
1.0339 	EXP 	fixation: autoDraw = True
1.4974 	INFO 	Keyboard events cleared
1.4972 	EXP 	fixation: autoDraw = False
1.4972 	EXP 	text: autoDraw = True
2.9631 	EXP 	Device response: <KeyPress from None: t=2.7548505410086364, value=r, duration=None>
2.9633 	EXP 	Device response: <KeyPress from None: t=2.7548505410086364, value=r, duration=0.13253729199641384>
2.9634 	EXP 	New trial (rep=0, index=1): <Trial 1 (1 in rep 0) data={'word': 'BLUE', 'colour': 'blue', 'stim_condition': 'C', 'correct_res': 'b', 'thisN': 1, 'thisTrialN': 1, 'thisRepN': 0}>
2.9726 	DATA 	Keypress: r
2.9754 	WARNING 	t of last frame was 211.34ms (=1/4)
2.9754 	EXP 	fixation: autoDraw = False
2.9754 	EXP 	text: autoDraw = False
2.9754 	EXP 	text: foreColor = <psychopy.colors.Color: blue, alpha=1.0>
2.9754 	EXP 	text: text = 'BLUE'
2.9754 	EXP 	fixation: autoDraw = True
3.4529 	INFO 	Keyboard events cleared
3.4528 	EXP 	fixation: autoDraw = False
3.4528 	EXP 	text: autoDraw = True
3.8520 	EXP 	Device response: <KeyPress from None: t=3.8484299989941064, value=b, duration=None>
3.8523 	EXP 	New trial (rep=0, index=2): <Trial 2 (2 in rep 0) data={'word': 'RED', 'colour': 'blue', 'stim_condition': 'I', 'correct_res': 'b', 'thisN': 2, 'thisTrialN': 2, 'thisRepN': 0}>
3.8662 	DATA 	Keypress: b
3.8692 	EXP 	fixation: autoDraw = False
3.8692 	EXP 	text: autoDraw = False
3.8692 	EXP 	text: foreColor = <psychopy.colors.Color: blue, alpha=1.0>
3.8692 	EXP 	text: height = np.float64(0.05)
3.8692 	EXP 	text: height = np.float64(0.05)
3.8692 	EXP 	text: height = np.float64(0.05)
3.8692 	EXP 	text: text = 'RED'
3.8692 	EXP 	fixation: autoDraw = True
4.0156 	EXP 	Device response: <KeyPress from None: t=3.8484299989941064, value=b, duration=0.15576787499594502>
4.3605 	INFO 	Keyboard events cleared
4.3603 	EXP 	fixation: autoDraw = False
4.3603 	EXP 	text: autoDraw = True
4.9323 	EXP 	Device response: <KeyPress from None: t=4.92280866598594, value=b, duration=None>
4.9328 	EXP 	New trial (rep=0, index=3): <Trial 3 (3 in rep 0) data={'word': 'RED', 'colour': 'red', 'stim_condition': 'C', 'correct_res': 'r', 'thisN': 3, 'thisTrialN': 3, 'thisRepN': 0}>
4.9385 	DATA 	Keypress: b
4.9420 	EXP 	fixation: autoDraw = False
4.9420 	EXP 	text: autoDraw = False
4.9420 	EXP 	text: foreColor = <psychopy.colors.Color: red, alpha=1.0>
4.9420 	EXP 	text: text = 'RED'
4.9420 	EXP 	fixation: autoDraw = True
5.0322 	EXP 	Device response: <KeyPress from None: t=4.92280866598594, value=b, duration=0.09633041699999012>
5.4307 	INFO 	Keyboard events cleared
5.4305 	EXP 	fixation: autoDraw = False
5.4305 	EXP 	text: autoDraw = True
5.8156 	EXP 	Device response: <KeyPress from None: t=5.801828208001098, value=r, duration=None>
5.8162 	EXP 	New trial (rep=1, index=0): <Trial 4 (0 in rep 1) data={'word': 'RED', 'colour': 'red', 'stim_condition': 'C', 'correct_res': 'r', 'thisN': 4, 'thisTrialN': 0, 'thisRepN': 1}>
5.8217 	DATA 	Keypress: r
5.8252 	EXP 	fixation: autoDraw = False
5.8252 	EXP 	text: autoDraw = False
5.8252 	EXP 	text: foreColor = <psychopy.colors.Color: red, alpha=1.0>
5.8252 	EXP 	text: text = 'RED'
5.8252 	EXP 	fixation: autoDraw = True
6.0157 	EXP 	Device response: <KeyPress from None: t=5.801828208001098, value=r, duration=0.20030641599441878>
6.3141 	INFO 	Keyboard events cleared
6.3139 	EXP 	fixation: autoDraw = False
6.3139 	EXP 	text: autoDraw = True
6.7320 	EXP 	Device response: <KeyPress from None: t=6.726837541005807, value=r, duration=None>
6.7325 	EXP 	New trial (rep=1, index=1): <Trial 5 (1 in rep 1) data={'word': 'RED', 'colour': 'blue', 'stim_condition': 'I', 'correct_res': 'b', 'thisN': 5, 'thisTrialN': 1, 'thisRepN': 1}>
6.7382 	DATA 	Keypress: r
6.7416 	EXP 	fixation: autoDraw = False
6.7416 	EXP 	text: autoDraw = False
6.7416 	EXP 	text: foreColor = <psychopy.colors.Color: blue, alpha=1.0>
6.7416 	EXP 	text: text = 'RED'
6.7416 	EXP 	fixation: autoDraw = True
6.9154 	EXP 	Device response: <KeyPress from None: t=6.726837541005807, value=r, duration=0.17624158298713155>
7.2308 	INFO 	Keyboard events cleared
7.2306 	EXP 	fixation: autoDraw = False
7.2306 	EXP 	text: autoDraw = True
7.8488 	EXP 	Device response: <KeyPress from None: t=7.838823873986257, value=b, duration=None>
7.8493 	EXP 	New trial (rep=1, index=2): <Trial 6 (2 in rep 1) data={'word': 'BLUE', 'colour': 'blue', 'stim_condition': 'C', 'correct_res': 'b', 'thisN': 6, 'thisTrialN': 2, 'thisRepN': 1}>
7.8586 	DATA 	Keypress: b
7.8620 	EXP 	fixation: autoDraw = False
7.8620 	EXP 	text: autoDraw = False
7.8620 	EXP 	text: foreColor = <psychopy.colors.Color: blue, alpha=1.0>
7.8620 	EXP 	text: height = np.float64(0.05)
7.8620 	EXP 	text: height = np.float64(0.05)
7.8620 	EXP 	text: height = np.float64(0.05)
7.8620 	EXP 	text: text = 'BLUE'
7.8620 	EXP 	fixation: autoDraw = True
7.9689 	EXP 	Device response: <KeyPress from None: t=7.838823873986257, value=b, duration=0.1282596250239294>
8.3475 	INFO 	Keyboard events cleared
8.3473 	EXP 	fixation: autoDraw = False
8.3473 	EXP 	text: autoDraw = True
8.7528 	EXP 	Device response: <KeyPress from None: t=8.749688457988668, value=b, duration=None>
8.7532 	EXP 	New trial (rep=1, index=3): <Trial 7 (3 in rep 1) data={'word': 'BLUE', 'colour': 'red', 'stim_condition': 'I', 'correct_res': 'r', 'thisN': 7, 'thisTrialN': 3, 'thisRepN': 1}>
8.7585 	DATA 	Keypress: b
8.7634 	EXP 	fixation: autoDraw = False
8.7634 	EXP 	text: autoDraw = False
8.7634 	EXP 	text: foreColor = <psychopy.colors.Color: red, alpha=1.0>
8.7634 	EXP 	text: text = 'BLUE'
8.7634 	EXP 	fixation: autoDraw = True
8.8655 	EXP 	Device response: <KeyPress from None: t=8.749688457988668, value=b, duration=0.11251433301367797>
9.2531 	INFO 	Keyboard events cleared
9.2529 	EXP 	fixation: autoDraw = False
9.2529 	EXP 	text: autoDraw = True
9.5822 	EXP 	Device response: <KeyPress from None: t=9.576749124011258, value=r, duration=None>
9.5827 	EXP 	New trial (rep=2, index=0): <Trial 8 (0 in rep 2) data={'word': 'RED', 'colour': 'red', 'stim_condition': 'C', 'correct_res': 'r', 'thisN': 8, 'thisTrialN': 0, 'thisRepN': 2}>
9.5918 	DATA 	Keypress: r
9.5953 	EXP 	fixation: autoDraw = False
9.5953 	EXP 	text: autoDraw = False
9.5953 	EXP 	text: foreColor = <psychopy.colors.Color: red, alpha=1.0>
9.5953 	EXP 	text: height = np.float64(0.05)
9.5953 	EXP 	text: height = np.float64(0.05)
9.5953 	EXP 	text: height = np.float64(0.05)
9.5953 	EXP 	text: text = 'RED'
9.5953 	EXP 	fixation: autoDraw = True
9.7490 	EXP 	Device response: <KeyPress from None: t=9.576749124011258, value=r, duration=0.16835491699748673>
10.0808 	INFO 	Keyboard events cleared
10.0806 	EXP 	fixation: autoDraw = False
10.0806 	EXP 	text: autoDraw = True
10.4822 	EXP 	Device response: <KeyPress from None: t=10.469638998998562, value=r, duration=None>
10.4827 	EXP 	New trial (rep=2, index=1): <Trial 9 (1 in rep 2) data={'word': 'RED', 'colour': 'blue', 'stim_condition': 'I', 'correct_res': 'b', 'thisN': 9, 'thisTrialN': 1, 'thisRepN': 2}>
10.4885 	DATA 	Keypress: r
10.4919 	EXP 	fixation: autoDraw = False
10.4919 	EXP 	text: autoDraw = False
10.4919 	EXP 	text: foreColor = <psychopy.colors.Color: blue, alpha=1.0>
10.4919 	EXP 	text: text = 'RED'
10.4919 	EXP 	fixation: autoDraw = True
10.6326 	EXP 	Device response: <KeyPress from None: t=10.469638998998562, value=r, duration=0.14841200000955723>
10.9808 	INFO 	Keyboard events cleared
10.9806 	EXP 	fixation: autoDraw = False
10.9806 	EXP 	text: autoDraw = True
11.4492 	EXP 	Device response: <KeyPress from None: t=11.434601624001516, value=b, duration=None>
11.4497 	EXP 	New trial (rep=2, index=2): <Trial 10 (2 in rep 2) data={'word': 'BLUE', 'colour': 'red', 'stim_condition': 'I', 'correct_res': 'r', 'thisN': 10, 'thisTrialN': 2, 'thisRepN': 2}>
11.4587 	DATA 	Keypress: b
11.4622 	EXP 	fixation: autoDraw = False
11.4622 	EXP 	text: autoDraw = False
11.4622 	EXP 	text: foreColor = <psychopy.colors.Color: red, alpha=1.0>
11.4622 	EXP 	text: height = np.float64(0.05)
11.4622 	EXP 	text: height = np.float64(0.05)
11.4622 	EXP 	text: height = np.float64(0.05)
11.4622 	EXP 	text: text = 'BLUE'
11.4622 	EXP 	fixation: autoDraw = True
11.5321 	EXP 	Device response: <KeyPress from None: t=11.434601624001516, value=b, duration=0.0925051250087563>
11.9475 	INFO 	Keyboard events cleared
11.9473 	EXP 	fixation: autoDraw = False
11.9473 	EXP 	text: autoDraw = True
12.3656 	EXP 	Device response: <KeyPress from None: t=12.356798541004537, value=r, duration=None>
12.3661 	EXP 	New trial (rep=2, index=3): <Trial 11 (3 in rep 2) data={'word': 'BLUE', 'colour': 'blue', 'stim_condition': 'C', 'correct_res': 'b', 'thisN': 11, 'thisTrialN': 3, 'thisRepN': 2}>
12.3715 	DATA 	Keypress: r
12.3750 	EXP 	fixation: autoDraw = False
12.3750 	EXP 	text: autoDraw = False
12.3750 	EXP 	text: foreColor = <psychopy.colors.Color: blue, alpha=1.0>
12.3750 	EXP 	text: text = 'BLUE'
12.3750 	EXP 	fixation: autoDraw = True
12.4989 	EXP 	Device response: <KeyPress from None: t=12.356798541004537, value=r, duration=0.13620383298257366>
12.8642 	INFO 	Keyboard events cleared
12.8640 	EXP 	fixation: autoDraw = False
12.8640 	EXP 	text: autoDraw = True
13.1984 	EXP 	Device response: <KeyPress from None: t=13.190704165986972, value=b, duration=None>
13.1989 	EXP 	New trial (rep=3, index=0): <Trial 12 (0 in rep 3) data={'word': 'BLUE', 'colour': 'red', 'stim_condition': 'I', 'correct_res': 'r', 'thisN': 12, 'thisTrialN': 0, 'thisRepN': 3}>
13.2044 	DATA 	Keypress: b
13.2079 	EXP 	fixation: autoDraw = False
13.2079 	EXP 	text: autoDraw = False
13.2079 	EXP 	text: foreColor = <psychopy.colors.Color: red, alpha=1.0>
13.2079 	EXP 	text: text = 'BLUE'
13.2079 	EXP 	fixation: autoDraw = True
13.2989 	EXP 	Device response: <KeyPress from None: t=13.190704165986972, value=b, duration=0.09631395799806342>
13.6975 	INFO 	Keyboard events cleared
13.6973 	EXP 	fixation: autoDraw = False
13.6973 	EXP 	text: autoDraw = True
14.0990 	EXP 	Device response: <KeyPress from None: t=14.095620915992185, value=r, duration=None>
14.0995 	EXP 	New trial (rep=3, index=1): <Trial 13 (1 in rep 3) data={'word': 'RED', 'colour': 'blue', 'stim_condition': 'I', 'correct_res': 'b', 'thisN': 13, 'thisTrialN': 1, 'thisRepN': 3}>
14.1082 	DATA 	Keypress: r
14.1117 	EXP 	fixation: autoDraw = False
14.1117 	EXP 	text: autoDraw = False
14.1117 	EXP 	text: foreColor = <psychopy.colors.Color: blue, alpha=1.0>
14.1117 	EXP 	text: height = np.float64(0.05)
14.1117 	EXP 	text: height = np.float64(0.05)
14.1117 	EXP 	text: height = np.float64(0.05)
14.1117 	EXP 	text: text = 'RED'
14.1117 	EXP 	fixation: autoDraw = True
14.2154 	EXP 	Device response: <KeyPress from None: t=14.095620915992185, value=r, duration=0.11642133301938884>
14.5975 	INFO 	Keyboard events cleared
14.5974 	EXP 	fixation: autoDraw = False
14.5974 	EXP 	text: autoDraw = True
15.3488 	EXP 	Device response: <KeyPress from None: t=15.343695124000078, value=b, duration=None>
15.3494 	EXP 	New trial (rep=3, index=2): <Trial 14 (2 in rep 3) data={'word': 'BLUE', 'colour': 'blue', 'stim_condition': 'C', 'correct_res': 'b', 'thisN': 14, 'thisTrialN': 2, 'thisRepN': 3}>
15.3583 	DATA 	Keypress: b
15.3618 	EXP 	fixation: autoDraw = False
15.3618 	EXP 	text: autoDraw = False
15.3618 	EXP 	text: foreColor = <psychopy.colors.Color: blue, alpha=1.0>
15.3618 	EXP 	text: height = np.float64(0.05)
15.3618 	EXP 	text: height = np.float64(0.05)
15.3618 	EXP 	text: height = np.float64(0.05)
15.3618 	EXP 	text: text = 'BLUE'
15.3618 	EXP 	fixation: autoDraw = True
15.4488 	EXP 	Device response: <KeyPress from None: t=15.343695124000078, value=b, duration=0.09625224999035709>
15.8474 	INFO 	Keyboard events cleared
15.8473 	EXP 	fixation: autoDraw = False
15.8473 	EXP 	text: autoDraw = True
16.1823 	EXP 	Device response: <KeyPress from None: t=16.17367191601079, value=b, duration=None>
16.1828 	EXP 	New trial (rep=3, index=3): <Trial 15 (3 in rep 3) data={'word': 'RED', 'colour': 'red', 'stim_condition': 'C', 'correct_res': 'r', 'thisN': 15, 'thisTrialN': 3, 'thisRepN': 3}>
16.1918 	DATA 	Keypress: b
16.1953 	EXP 	fixation: autoDraw = False
16.1953 	EXP 	text: autoDraw = False
16.1953 	EXP 	text: foreColor = <psychopy.colors.Color: red, alpha=1.0>
16.1953 	EXP 	text: height = np.float64(0.05)
16.1953 	EXP 	text: height = np.float64(0.05)
16.1953 	EXP 	text: height = np.float64(0.05)
16.1953 	EXP 	text: text = 'RED'
16.1953 	EXP 	fixation: autoDraw = True
16.2989 	EXP 	Device response: <KeyPress from None: t=16.17367191601079, value=b, duration=0.11627066700020805>
16.6807 	INFO 	Keyboard events cleared
16.6806 	EXP 	fixation: autoDraw = False
16.6806 	EXP 	text: autoDraw = True
17.0990 	EXP 	Device response: <KeyPress from None: t=17.086010208004154, value=r, duration=None>
17.0995 	EXP 	New trial (rep=4, index=0): <Trial 16 (0 in rep 4) data={'word': 'BLUE', 'colour': 'blue', 'stim_condition': 'C', 'correct_res': 'b', 'thisN': 16, 'thisTrialN': 0, 'thisRepN': 4}>
17.1084 	DATA 	Keypress: r
17.1118 	EXP 	fixation: autoDraw = False
17.1118 	EXP 	text: autoDraw = False
17.1118 	EXP 	text: foreColor = <psychopy.colors.Color: blue, alpha=1.0>
17.1118 	EXP 	text: height = np.float64(0.05)
17.1118 	EXP 	text: height = np.float64(0.05)
17.1118 	EXP 	text: height = np.float64(0.05)
17.1118 	EXP 	text: text = 'BLUE'
17.1118 	EXP 	fixation: autoDraw = True
17.1847 	EXP 	Device response: <KeyPress from None: t=17.086010208004154, value=r, duration=0.09623316599754617>
17.5975 	INFO 	Keyboard events cleared
17.5973 	EXP 	fixation: autoDraw = False
17.5973 	EXP 	text: autoDraw = True
18.2154 	EXP 	Device response: <KeyPress from None: t=18.2105597910122, value=b, duration=None>
18.2159 	EXP 	New trial (rep=4, index=1): <Trial 17 (1 in rep 4) data={'word': 'RED', 'colour': 'blue', 'stim_condition': 'I', 'correct_res': 'b', 'thisN': 17, 'thisTrialN': 1, 'thisRepN': 4}>
18.2248 	DATA 	Keypress: b
18.2283 	EXP 	fixation: autoDraw = False
18.2283 	EXP 	text: autoDraw = False
18.2283 	EXP 	text: foreColor = <psychopy.colors.Color: blue, alpha=1.0>
18.2283 	EXP 	text: height = np.float64(0.05)
18.2283 	EXP 	text: height = np.float64(0.05)
18.2283 	EXP 	text: height = np.float64(0.05)
18.2283 	EXP 	text: text = 'RED'
18.2283 	EXP 	fixation: autoDraw = True
18.3155 	EXP 	Device response: <KeyPress from None: t=18.2105597910122, value=b, duration=0.09641649998957291>
18.7140 	INFO 	Keyboard events cleared
18.7138 	EXP 	fixation: autoDraw = False
18.7138 	EXP 	text: autoDraw = True
19.1322 	EXP 	Device response: <KeyPress from None: t=19.120425623987103, value=b, duration=None>
19.1327 	EXP 	New trial (rep=4, index=2): <Trial 18 (2 in rep 4) data={'word': 'BLUE', 'colour': 'red', 'stim_condition': 'I', 'correct_res': 'r', 'thisN': 18, 'thisTrialN': 2, 'thisRepN': 4}>
19.1416 	DATA 	Keypress: b
19.1451 	EXP 	fixation: autoDraw = False
19.1451 	EXP 	text: autoDraw = False
19.1451 	EXP 	text: foreColor = <psychopy.colors.Color: red, alpha=1.0>
19.1451 	EXP 	text: height = np.float64(0.05)
19.1451 	EXP 	text: height = np.float64(0.05)
19.1451 	EXP 	text: height = np.float64(0.05)
19.1451 	EXP 	text: text = 'BLUE'
19.1451 	EXP 	fixation: autoDraw = True
19.2483 	EXP 	Device response: <KeyPress from None: t=19.120425623987103, value=b, duration=0.12029662501299754>
19.6308 	INFO 	Keyboard events cleared
19.6306 	EXP 	fixation: autoDraw = False
19.6306 	EXP 	text: autoDraw = True
20.0330 	EXP 	Device response: <KeyPress from None: t=20.027457207994303, value=r, duration=None>
20.0337 	EXP 	New trial (rep=4, index=3): <Trial 19 (3 in rep 4) data={'word': 'RED', 'colour': 'red', 'stim_condition': 'C', 'correct_res': 'r', 'thisN': 19, 'thisTrialN': 3, 'thisRepN': 4}>
20.0444 	DATA 	Keypress: r
20.0489 	EXP 	fixation: autoDraw = False
20.0489 	EXP 	text: autoDraw = False
20.0489 	EXP 	text: foreColor = <psychopy.colors.Color: red, alpha=1.0>
20.0489 	EXP 	text: height = np.float64(0.05)
20.0489 	EXP 	text: height = np.float64(0.05)
20.0489 	EXP 	text: height = np.float64(0.05)
20.0489 	EXP 	text: text = 'RED'
20.0489 	EXP 	fixation: autoDraw = True
20.1655 	EXP 	Device response: <KeyPress from None: t=20.027457207994303, value=r, duration=0.12439941600314341>
20.5307 	INFO 	Keyboard events cleared
20.5306 	EXP 	fixation: autoDraw = False
20.5306 	EXP 	text: autoDraw = True
20.9321 	EXP 	Device response: <KeyPress from None: t=20.922561540995957, value=r, duration=None>
20.9327 	EXP 	New trial (rep=5, index=0): <Trial 20 (0 in rep 5) data={'word': 'RED', 'colour': 'blue', 'stim_condition': 'I', 'correct_res': 'b', 'thisN': 20, 'thisTrialN': 0, 'thisRepN': 5}>
20.9394 	DATA 	Keypress: r
20.9433 	EXP 	fixation: autoDraw = False
20.9433 	EXP 	text: autoDraw = False
20.9433 	EXP 	text: foreColor = <psychopy.colors.Color: blue, alpha=1.0>
20.9433 	EXP 	text: text = 'RED'
20.9433 	EXP 	fixation: autoDraw = True
21.0486 	EXP 	Device response: <KeyPress from None: t=20.922561540995957, value=r, duration=0.12026833300478756>
21.4307 	INFO 	Keyboard events cleared
21.4306 	EXP 	fixation: autoDraw = False
21.4306 	EXP 	text: autoDraw = True
21.9656 	EXP 	Device response: <KeyPress from None: t=21.951468749000924, value=b, duration=None>
21.9662 	EXP 	New trial (rep=5, index=1): <Trial 21 (1 in rep 5) data={'word': 'BLUE', 'colour': 'blue', 'stim_condition': 'C', 'correct_res': 'b', 'thisN': 21, 'thisTrialN': 1, 'thisRepN': 5}>
21.9769 	DATA 	Keypress: b
21.9805 	EXP 	fixation: autoDraw = False
21.9805 	EXP 	text: autoDraw = False
21.9805 	EXP 	text: foreColor = <psychopy.colors.Color: blue, alpha=1.0>
21.9805 	EXP 	text: height = np.float64(0.05)
21.9805 	EXP 	text: height = np.float64(0.05)
21.9805 	EXP 	text: height = np.float64(0.05)
21.9805 	EXP 	text: text = 'BLUE'
21.9805 	EXP 	fixation: autoDraw = True
22.0180 	EXP 	Device response: <KeyPress from None: t=21.951468749000924, value=b, duration=0.06433100000140257>
22.4641 	INFO 	Keyboard events cleared
22.4639 	EXP 	fixation: autoDraw = False
22.4639 	EXP 	text: autoDraw = True
22.9818 	EXP 	Device response: <KeyPress from None: t=22.980377083003987, value=b, duration=None>
22.9823 	EXP 	New trial (rep=5, index=2): <Trial 22 (2 in rep 5) data={'word': 'RED', 'colour': 'red', 'stim_condition': 'C', 'correct_res': 'r', 'thisN': 22, 'thisTrialN': 2, 'thisRepN': 5}>
22.9914 	DATA 	Keypress: b
22.9949 	EXP 	fixation: autoDraw = False
22.9949 	EXP 	text: autoDraw = False
22.9949 	EXP 	text: foreColor = <psychopy.colors.Color: red, alpha=1.0>
22.9949 	EXP 	text: height = np.float64(0.05)
22.9949 	EXP 	text: height = np.float64(0.05)
22.9949 	EXP 	text: height = np.float64(0.05)
22.9949 	EXP 	text: text = 'RED'
22.9949 	EXP 	fixation: autoDraw = True
23.0983 	EXP 	Device response: <KeyPress from None: t=22.980377083003987, value=b, duration=0.11639633300364949>
23.4806 	INFO 	Keyboard events cleared
23.4805 	EXP 	fixation: autoDraw = False
23.4805 	EXP 	text: autoDraw = True
23.9489 	EXP 	Device response: <KeyPress from None: t=23.936445998988347, value=r, duration=None>
23.9495 	EXP 	New trial (rep=5, index=3): <Trial 23 (3 in rep 5) data={'word': 'BLUE', 'colour': 'red', 'stim_condition': 'I', 'correct_res': 'r', 'thisN': 23, 'thisTrialN': 3, 'thisRepN': 5}>
23.9586 	DATA 	Keypress: r
23.9621 	EXP 	fixation: autoDraw = False
23.9621 	EXP 	text: autoDraw = False
23.9621 	EXP 	text: foreColor = <psychopy.colors.Color: red, alpha=1.0>
23.9621 	EXP 	text: height = np.float64(0.05)
23.9621 	EXP 	text: height = np.float64(0.05)
23.9621 	EXP 	text: height = np.float64(0.05)
23.9621 	EXP 	text: text = 'BLUE'
23.9621 	EXP 	fixation: autoDraw = True
24.1019 	EXP 	Device response: <KeyPress from None: t=23.936445998988347, value=r, duration=0.16417116700904444>
24.4474 	INFO 	Keyboard events cleared
24.4473 	EXP 	fixation: autoDraw = False
24.4473 	EXP 	text: autoDraw = True
24.8853 	EXP 	Device response: <KeyPress from None: t=24.881391083006747, value=r, duration=None>
24.8857 	EXP 	New trial (rep=6, index=0): <Trial 24 (0 in rep 6) data={'word': 'BLUE', 'colour': 'blue', 'stim_condition': 'C', 'correct_res': 'b', 'thisN': 24, 'thisTrialN': 0, 'thisRepN': 6}>
24.8912 	DATA 	Keypress: r
24.8968 	EXP 	fixation: autoDraw = False
24.8968 	EXP 	text: autoDraw = False
24.8968 	EXP 	text: foreColor = <psychopy.colors.Color: blue, alpha=1.0>
24.8968 	EXP 	text: text = 'BLUE'
24.8968 	EXP 	fixation: autoDraw = True
25.0321 	EXP 	Device response: <KeyPress from None: t=24.881391083006747, value=r, duration=0.13633737500640564>
25.3862 	INFO 	Keyboard events cleared
25.3861 	EXP 	fixation: autoDraw = False
25.3861 	EXP 	text: autoDraw = True
25.7654 	EXP 	Device response: <KeyPress from None: t=25.753367458004504, value=b, duration=None>
25.7658 	EXP 	New trial (rep=6, index=1): <Trial 25 (1 in rep 6) data={'word': 'RED', 'colour': 'blue', 'stim_condition': 'I', 'correct_res': 'b', 'thisN': 25, 'thisTrialN': 1, 'thisRepN': 6}>
25.7749 	DATA 	Keypress: b
25.7784 	EXP 	fixation: autoDraw = False
25.7784 	EXP 	text: autoDraw = False
25.7784 	EXP 	text: foreColor = <psychopy.colors.Color: blue, alpha=1.0>
25.7784 	EXP 	text: height = np.float64(0.05)
25.7784 	EXP 	text: height = np.float64(0.05)
25.7784 	EXP 	text: height = np.float64(0.05)
25.7784 	EXP 	text: text = 'RED'
25.7784 	EXP 	fixation: autoDraw = True
25.8652 	EXP 	Device response: <KeyPress from None: t=25.753367458004504, value=b, duration=0.10437941600685008>
26.2641 	INFO 	Keyboard events cleared
26.2639 	EXP 	fixation: autoDraw = False
26.2639 	EXP 	text: autoDraw = True
26.5820 	EXP 	Device response: <KeyPress from None: t=26.576447374012787, value=b, duration=None>
26.5826 	EXP 	New trial (rep=6, index=2): <Trial 26 (2 in rep 6) data={'word': 'RED', 'colour': 'red', 'stim_condition': 'C', 'correct_res': 'r', 'thisN': 26, 'thisTrialN': 2, 'thisRepN': 6}>
26.5884 	DATA 	Keypress: b
26.5919 	EXP 	fixation: autoDraw = False
26.5919 	EXP 	text: autoDraw = False
26.5919 	EXP 	text: foreColor = <psychopy.colors.Color: red, alpha=1.0>
26.5919 	EXP 	text: text = 'RED'
26.5919 	EXP 	fixation: autoDraw = True
26.7155 	EXP 	Device response: <KeyPress from None: t=26.576447374012787, value=b, duration=0.13619462499627843>
27.0808 	INFO 	Keyboard events cleared
27.0806 	EXP 	fixation: autoDraw = False
27.0806 	EXP 	text: autoDraw = True
27.5819 	EXP 	Device response: <KeyPress from None: t=27.579352124012075, value=r, duration=None>
27.5825 	EXP 	New trial (rep=6, index=3): <Trial 27 (3 in rep 6) data={'word': 'BLUE', 'colour': 'red', 'stim_condition': 'I', 'correct_res': 'r', 'thisN': 27, 'thisTrialN': 3, 'thisRepN': 6}>
27.5917 	DATA 	Keypress: r
27.5951 	EXP 	fixation: autoDraw = False
27.5951 	EXP 	text: autoDraw = False
27.5951 	EXP 	text: foreColor = <psychopy.colors.Color: red, alpha=1.0>
27.5951 	EXP 	text: height = np.float64(0.05)
27.5951 	EXP 	text: height = np.float64(0.05)
27.5951 	EXP 	text: height = np.float64(0.05)
27.5951 	EXP 	text: text = 'BLUE'
27.5951 	EXP 	fixation: autoDraw = True
27.7153 	EXP 	Device response: <KeyPress from None: t=27.579352124012075, value=r, duration=0.13229345899890177>
28.0806 	INFO 	Keyboard events cleared
28.0805 	EXP 	fixation: autoDraw = False
28.0805 	EXP 	text: autoDraw = True
28.5821 	EXP 	Device response: <KeyPress from None: t=28.57832866598619, value=r, duration=None>
28.5827 	EXP 	New trial (rep=7, index=0): <Trial 28 (0 in rep 7) data={'word': 'BLUE', 'colour': 'red', 'stim_condition': 'I', 'correct_res': 'r', 'thisN': 28, 'thisTrialN': 0, 'thisRepN': 7}>
28.5888 	DATA 	Keypress: r
28.5923 	EXP 	fixation: autoDraw = False
28.5923 	EXP 	text: autoDraw = False
28.5923 	EXP 	text: foreColor = <psychopy.colors.Color: red, alpha=1.0>
28.5923 	EXP 	text: text = 'BLUE'
28.5923 	EXP 	fixation: autoDraw = True
28.6821 	EXP 	Device response: <KeyPress from None: t=28.57832866598619, value=r, duration=0.09633879200555384>
29.0807 	INFO 	Keyboard events cleared
29.0805 	EXP 	fixation: autoDraw = False
29.0805 	EXP 	text: autoDraw = True
29.5321 	EXP 	Device response: <KeyPress from None: t=29.525382374005858, value=r, duration=None>
29.5327 	EXP 	New trial (rep=7, index=1): <Trial 29 (1 in rep 7) data={'word': 'RED', 'colour': 'blue', 'stim_condition': 'I', 'correct_res': 'b', 'thisN': 29, 'thisTrialN': 1, 'thisRepN': 7}>
29.5423 	DATA 	Keypress: r
29.5457 	EXP 	fixation: autoDraw = False
29.5457 	EXP 	text: autoDraw = False
29.5457 	EXP 	text: foreColor = <psychopy.colors.Color: blue, alpha=1.0>
29.5457 	EXP 	text: height = np.float64(0.05)
29.5457 	EXP 	text: height = np.float64(0.05)
29.5457 	EXP 	text: height = np.float64(0.05)
29.5457 	EXP 	text: text = 'RED'
29.5457 	EXP 	fixation: autoDraw = True
29.6687 	EXP 	Device response: <KeyPress from None: t=29.525382374005858, value=r, duration=0.14023937500314787>
30.0307 	INFO 	Keyboard events cleared
30.0306 	EXP 	fixation: autoDraw = False
30.0306 	EXP 	text: autoDraw = True
30.3817 	EXP 	Device response: <KeyPress from None: t=30.374343998992117, value=b, duration=None>
30.3822 	EXP 	New trial (rep=7, index=2): <Trial 30 (2 in rep 7) data={'word': 'BLUE', 'colour': 'blue', 'stim_condition': 'C', 'correct_res': 'b', 'thisN': 30, 'thisTrialN': 2, 'thisRepN': 7}>
30.3912 	DATA 	Keypress: b
30.3948 	EXP 	fixation: autoDraw = False
30.3948 	EXP 	text: autoDraw = False
30.3948 	EXP 	text: foreColor = <psychopy.colors.Color: blue, alpha=1.0>
30.3948 	EXP 	text: height = np.float64(0.05)
30.3948 	EXP 	text: height = np.float64(0.05)
30.3948 	EXP 	text: height = np.float64(0.05)
30.3948 	EXP 	text: text = 'BLUE'
30.3948 	EXP 	fixation: autoDraw = True
30.4817 	EXP 	Device response: <KeyPress from None: t=30.374343998992117, value=b, duration=0.10424874999444>
30.8807 	INFO 	Keyboard events cleared
30.8805 	EXP 	fixation: autoDraw = False
30.8805 	EXP 	text: autoDraw = True
31.2154 	EXP 	Device response: <KeyPress from None: t=31.20635670798947, value=b, duration=None>
31.2160 	EXP 	New trial (rep=7, index=3): <Trial 31 (3 in rep 7) data={'word': 'RED', 'colour': 'red', 'stim_condition': 'C', 'correct_res': 'r', 'thisN': 31, 'thisTrialN': 3, 'thisRepN': 7}>
31.2250 	DATA 	Keypress: b
31.2286 	EXP 	fixation: autoDraw = False
31.2286 	EXP 	text: autoDraw = False
31.2286 	EXP 	text: foreColor = <psychopy.colors.Color: red, alpha=1.0>
31.2286 	EXP 	text: height = np.float64(0.05)
31.2286 	EXP 	text: height = np.float64(0.05)
31.2286 	EXP 	text: height = np.float64(0.05)
31.2286 	EXP 	text: text = 'RED'
31.2286 	EXP 	fixation: autoDraw = True
31.3150 	EXP 	Device response: <KeyPress from None: t=31.20635670798947, value=b, duration=0.0962500000023283>
31.7140 	INFO 	Keyboard events cleared
31.7138 	EXP 	fixation: autoDraw = False
31.7138 	EXP 	text: autoDraw = True
32.1488 	EXP 	Device response: <KeyPress from None: t=32.1472367910028, value=r, duration=None>
32.1493 	EXP 	New trial (rep=8, index=0): <Trial 32 (0 in rep 8) data={'word': 'BLUE', 'colour': 'red', 'stim_condition': 'I', 'correct_res': 'r', 'thisN': 32, 'thisTrialN': 0, 'thisRepN': 8}>
32.1585 	DATA 	Keypress: r
32.1620 	EXP 	fixation: autoDraw = False
32.1620 	EXP 	text: autoDraw = False
32.1620 	EXP 	text: foreColor = <psychopy.colors.Color: red, alpha=1.0>
32.1620 	EXP 	text: height = np.float64(0.05)
32.1620 	EXP 	text: height = np.float64(0.05)
32.1620 	EXP 	text: height = np.float64(0.05)
32.1620 	EXP 	text: text = 'BLUE'
32.1620 	EXP 	fixation: autoDraw = True
32.2820 	EXP 	Device response: <KeyPress from None: t=32.1472367910028, value=r, duration=0.12431833299342543>
32.6474 	INFO 	Keyboard events cleared
32.6472 	EXP 	fixation: autoDraw = False
32.6472 	EXP 	text: autoDraw = True
33.3819 	EXP 	Device response: <KeyPress from None: t=33.36825895801303, value=r, duration=None>
33.3824 	EXP 	New trial (rep=8, index=1): <Trial 33 (1 in rep 8) data={'word': 'BLUE', 'colour': 'blue', 'stim_condition': 'C', 'correct_res': 'b', 'thisN': 33, 'thisTrialN': 1, 'thisRepN': 8}>
33.3884 	DATA 	Keypress: r
33.3919 	EXP 	fixation: autoDraw = False
33.3919 	EXP 	text: autoDraw = False
33.3919 	EXP 	text: foreColor = <psychopy.colors.Color: blue, alpha=1.0>
33.3919 	EXP 	text: text = 'BLUE'
33.3919 	EXP 	fixation: autoDraw = True
33.5153 	EXP 	Device response: <KeyPress from None: t=33.36825895801303, value=r, duration=0.13630249997368082>
33.8806 	INFO 	Keyboard events cleared
33.8804 	EXP 	fixation: autoDraw = False
33.8804 	EXP 	text: autoDraw = True
34.1686 	EXP 	Device response: <KeyPress from None: t=34.16518941600225, value=b, duration=None>
34.1690 	EXP 	New trial (rep=8, index=2): <Trial 34 (2 in rep 8) data={'word': 'RED', 'colour': 'blue', 'stim_condition': 'I', 'correct_res': 'b', 'thisN': 34, 'thisTrialN': 2, 'thisRepN': 8}>
34.1779 	DATA 	Keypress: b
34.1974 	WARNING 	t of last frame was 29.83ms (=1/33)
34.1974 	EXP 	fixation: autoDraw = False
34.1974 	EXP 	text: autoDraw = False
34.1974 	EXP 	text: foreColor = <psychopy.colors.Color: blue, alpha=1.0>
34.1974 	EXP 	text: height = np.float64(0.05)
34.1974 	EXP 	text: height = np.float64(0.05)
34.1974 	EXP 	text: height = np.float64(0.05)
34.1974 	EXP 	text: text = 'RED'
34.1974 	EXP 	fixation: autoDraw = True
34.2816 	EXP 	Device response: <KeyPress from None: t=34.16518941600225, value=b, duration=0.10428425000282004>
34.6697 	INFO 	Keyboard events cleared
34.6695 	EXP 	fixation: autoDraw = False
34.6695 	EXP 	text: autoDraw = True
35.0151 	EXP 	Device response: <KeyPress from None: t=35.01016962400172, value=b, duration=None>
35.0158 	EXP 	New trial (rep=8, index=3): <Trial 35 (3 in rep 8) data={'word': 'RED', 'colour': 'red', 'stim_condition': 'C', 'correct_res': 'r', 'thisN': 35, 'thisTrialN': 3, 'thisRepN': 8}>
35.0216 	DATA 	Keypress: b
35.0251 	EXP 	fixation: autoDraw = False
35.0251 	EXP 	text: autoDraw = False
35.0251 	EXP 	text: foreColor = <psychopy.colors.Color: red, alpha=1.0>
35.0251 	EXP 	text: text = 'RED'
35.0251 	EXP 	fixation: autoDraw = True
35.1652 	EXP 	Device response: <KeyPress from None: t=35.01016962400172, value=b, duration=0.1483761669951491>
35.5140 	INFO 	Keyboard events cleared
35.5138 	EXP 	fixation: autoDraw = False
35.5138 	EXP 	text: autoDraw = True
35.8820 	EXP 	Device response: <KeyPress from None: t=35.876230749010574, value=r, duration=None>
35.8826 	EXP 	New trial (rep=9, index=0): <Trial 36 (0 in rep 9) data={'word': 'RED', 'colour': 'blue', 'stim_condition': 'I', 'correct_res': 'b', 'thisN': 36, 'thisTrialN': 0, 'thisRepN': 9}>
35.8888 	DATA 	Keypress: r
35.8923 	EXP 	fixation: autoDraw = False
35.8923 	EXP 	text: autoDraw = False
35.8923 	EXP 	text: foreColor = <psychopy.colors.Color: blue, alpha=1.0>
35.8923 	EXP 	text: text = 'RED'
35.8923 	EXP 	fixation: autoDraw = True
35.9818 	EXP 	Device response: <KeyPress from None: t=35.876230749010574, value=r, duration=0.10417449998203665>
36.3807 	INFO 	Keyboard events cleared
36.3805 	EXP 	fixation: autoDraw = False
36.3805 	EXP 	text: autoDraw = True
36.8821 	EXP 	Device response: <KeyPress from None: t=36.871178958012024, value=b, duration=None>
36.8827 	EXP 	New trial (rep=9, index=1): <Trial 37 (1 in rep 9) data={'word': 'BLUE', 'colour': 'red', 'stim_condition': 'I', 'correct_res': 'r', 'thisN': 37, 'thisTrialN': 1, 'thisRepN': 9}>
36.8918 	DATA 	Keypress: b
36.8952 	EXP 	fixation: autoDraw = False
36.8952 	EXP 	text: autoDraw = False
36.8952 	EXP 	text: foreColor = <psychopy.colors.Color: red, alpha=1.0>
36.8952 	EXP 	text: height = np.float64(0.05)
36.8952 	EXP 	text: height = np.float64(0.05)
36.8952 	EXP 	text: height = np.float64(0.05)
36.8952 	EXP 	text: text = 'BLUE'
36.8952 	EXP 	fixation: autoDraw = True
36.9853 	EXP 	Device response: <KeyPress from None: t=36.871178958012024, value=b, duration=0.11221666599158198>
37.3806 	INFO 	Keyboard events cleared
37.3804 	EXP 	fixation: autoDraw = False
37.3804 	EXP 	text: autoDraw = True
37.7318 	EXP 	Device response: <KeyPress from None: t=37.729062541009625, value=r, duration=None>
37.7324 	EXP 	New trial (rep=9, index=2): <Trial 38 (2 in rep 9) data={'word': 'BLUE', 'colour': 'blue', 'stim_condition': 'C', 'correct_res': 'b', 'thisN': 38, 'thisTrialN': 2, 'thisRepN': 9}>
37.7385 	DATA 	Keypress: r
37.7421 	EXP 	fixation: autoDraw = False
37.7421 	EXP 	text: autoDraw = False
37.7421 	EXP 	text: foreColor = <psychopy.colors.Color: blue, alpha=1.0>
37.7421 	EXP 	text: text = 'BLUE'
37.7421 	EXP 	fixation: autoDraw = True
37.8987 	EXP 	Device response: <KeyPress from None: t=37.729062541009625, value=r, duration=0.16027875000145286>
38.2305 	INFO 	Keyboard events cleared
38.2304 	EXP 	fixation: autoDraw = False
38.2304 	EXP 	text: autoDraw = True
38.6652 	EXP 	Device response: <KeyPress from None: t=38.660038998990785, value=b, duration=None>
38.6659 	EXP 	New trial (rep=9, index=3): <Trial 39 (3 in rep 9) data={'word': 'RED', 'colour': 'red', 'stim_condition': 'C', 'correct_res': 'r', 'thisN': 39, 'thisTrialN': 3, 'thisRepN': 9}>
38.6752 	DATA 	Keypress: b
38.6785 	EXP 	fixation: autoDraw = False
38.6785 	EXP 	text: autoDraw = False
38.6785 	EXP 	text: foreColor = <psychopy.colors.Color: red, alpha=1.0>
38.6785 	EXP 	text: height = np.float64(0.05)
38.6785 	EXP 	text: height = np.float64(0.05)
38.6785 	EXP 	text: height = np.float64(0.05)
38.6785 	EXP 	text: text = 'RED'
38.6785 	EXP 	fixation: autoDraw = True
38.7653 	EXP 	Device response: <KeyPress from None: t=38.660038998990785, value=b, duration=0.10037741699488834>
39.1640 	INFO 	Keyboard events cleared
39.1638 	EXP 	fixation: autoDraw = False
39.1638 	EXP 	text: autoDraw = True
39.5484 	EXP 	Device response: <KeyPress from None: t=39.54415820800932, value=r, duration=None>
39.6111 	DATA 	Keypress: r
39.6124 	WARNING 	t of last frame was 65.17ms (=1/15)
39.6124 	EXP 	fixation: autoDraw = False
39.6124 	EXP 	text: autoDraw = False
39.6124 	EXP 	text_3: autoDraw = True
39.6802 	EXP 	Device response: <KeyPress from None: t=39.54415820800932, value=r, duration=0.1283319579961244>
40.5640 	EXP 	text_3: autoDraw = False
40.5641 	EXP 	stroop task practice 2: status = STOPPED
40.5793 	INFO 	saved data to '/Users/charvithakkar/Desktop/PSY310/data/55_stroop task practice 2_2025-08-24_16h20.08.822.csv'
40.5806 	INFO 	saved data to /Users/charvithakkar/Desktop/PSY310/data/55_stroop task practice 2_2025-08-24_16h20.08.822.psydat
40.7193 	WARNING 	Stopping key buffers but this could be dangerous ifother keyboards rely on the same.
40.7194 	WARNING 	Stopping key buffers but this could be dangerous ifother keyboards rely on the same.
